[razominer.com/index.html]
[backblue.gif]
[fade.gif]
[index.html]
[razominer.com/wp-content/plugins/dethemekit-for-elementor/assets/js/jquery-1.12.4-wp109c.js]
[razominer.com/wp-content/plugins/elementor/assets/lib/swiper/swiper.min109c.js]
[razominer.com/comments/feed/index.html]
[razominer.com/feed/index.html]
[razominer.com/wp-content/plugins/dethemekit-for-elementor/assets/js/jquery-migrate-1.4.1-wp109c.js]
[razominer.com/wp-content/plugins/elementor/assets/lib/font-awesome/js/v4-shims.min6e54.js]
[razominer.com/wp-content/plugins/dethemekit-for-elementor/assets/js/de_loop/ecs_ajax_pagination784e.js]
[razominer.com/wp-content/plugins/dethemekit-for-elementor/assets/js/de_loop/ecs784e.js]
[razominer.com/wp-json/index.html]
[razominer.com/wp-json/wp/v2/pages/1598.json]
[razominer.com/xmlrpc0db0.php]
[razominer.com/wp-json/oembed/1.0/embed20c8.json]
[razominer.com/wp-json/oembed/1.0/embed4181]
[razominer.com/wp-content/uploads/2024/02/miner-logo.png]
[razominer.com/wp-content/cache/seraphinite-accelerator/s/m/d/css/20f5d42ce7a29931cafbba6fee7ceaa1.157.css]
[razominer.com/wp-content/cache/seraphinite-accelerator/s/m/d/css/f80558a266007c3364de00d8a7932cc1.6f0.css]
[razominer.com/wp-content/cache/seraphinite-accelerator/s/m/d/css/46fb5cf8d2379aebcde925a4fd8e54bf.3bc.css]
[razominer.com/wp-content/cache/seraphinite-accelerator/s/m/d/css/263b502ed235d436585d707317866ff6.107.css]
[razominer.com/wp-content/cache/seraphinite-accelerator/s/m/d/css/8cbda6adf4684faa520df3e900da8dbc.607.css]
[razominer.com/wp-content/cache/seraphinite-accelerator/s/m/d/css/2a910b7bff07ec42ad904027e62a5037.3964.css]
[razominer.com/wp-content/cache/seraphinite-accelerator/s/m/d/css/ca7a90a8b9c74fc156ca20ed061f10fe.5225.css]
[razominer.com/wp-content/cache/seraphinite-accelerator/s/m/d/css/ef7142293c18f5044b5198d7a105189f.d58c.css]
[razominer.com/wp-content/cache/seraphinite-accelerator/s/m/d/css/6951c405b846cbf767da4136048a7ce4.103b.css]
[razominer.com/wp-content/cache/seraphinite-accelerator/s/m/d/css/cc8b8810607a4720900db4776591f30c.302c.css]
[razominer.com/wp-content/cache/seraphinite-accelerator/s/m/d/css/ea958276b7de454bd3c2873f0dc47e5f.105a.css]
[razominer.com/wp-content/cache/seraphinite-accelerator/s/m/d/css/2f3cdb79e97cc2a6d7f8fbfab10bb874.250.css]
[razominer.com/wp-content/cache/seraphinite-accelerator/s/m/d/css/20b431ab6ecd62bdb35135b32eb9456a.100.css]
[razominer.com/wp-content/cache/seraphinite-accelerator/s/m/d/css/28b888b54d8b0f0d30da14539989c003.1712.css]
[razominer.com/wp-content/cache/seraphinite-accelerator/s/m/d/css/9000c8acd54d79de3a9d102529ad3fce.10ba.css]
[razominer.com/wp-content/cache/seraphinite-accelerator/s/m/d/css/d4e96925b9a3d306ccc228daac9a62fd.5746.css]
[razominer.com/wp-content/cache/seraphinite-accelerator/s/m/d/css/bc2a706f73ec4ed2263ee2fb365a9f9d.a22.css]
[razominer.com/wp-content/cache/seraphinite-accelerator/s/m/d/css/871f63506a4db528b45f2800932601e1.141a.css]
[razominer.com/wp-content/cache/seraphinite-accelerator/s/m/d/css/9b0437e1b02fed93929ed0ba63fa068c.1c2c.css]
[razominer.com/wp-content/cache/seraphinite-accelerator/s/m/d/css/56a5063a1fcb3cc1492d26f37ef0da96.17d6c.css]
[razominer.com/wp-content/cache/seraphinite-accelerator/s/m/d/css/cb0692a2038b5684246c305bc2c11fc6.527.css]
[razominer.com/wp-content/cache/seraphinite-accelerator/s/m/d/css/64cc7287adada65880a7d3fbfe150ae5.7018.css]
[razominer.com/wp-content/cache/seraphinite-accelerator/s/m/d/css/56e7d611829f20e002f578d5d328bd44.1b27.css]
[razominer.com/wp-content/cache/seraphinite-accelerator/s/m/d/css/75ef56496f94b2057c3528a23753fb14.33b7.css]
[razominer.com/wp-content/cache/seraphinite-accelerator/s/m/d/css/a0e5def3173cdb9f7283dfef365a3206.50f.css]
[razominer.com/wp-content/cache/seraphinite-accelerator/s/m/d/css/27370d5ec1779a367a2d1906b4f66018.175bb.css]
[razominer.com/wp-content/cache/seraphinite-accelerator/s/m/d/css/ce13a0fa837ecb0e53905e61e8b3e9c6.61b.css]
[razominer.com/wp-content/cache/seraphinite-accelerator/s/m/d/css/5468199b9ed775d4631fd8410d6ff4eb.2ae.css]
[razominer.com/wp-content/cache/seraphinite-accelerator/s/m/d/css/ae92c53efb4f9507bbcf4ef505dca6e3.1d647.css]
[razominer.com/wp-content/cache/seraphinite-accelerator/s/m/d/css/55b60a3389f19c34d57922ff9d90cb81.3395.css]
[razominer.com/wp-content/cache/seraphinite-accelerator/s/m/d/css/03a6ca872b0145151960f9d5fb773e00.121.css]
[razominer.com/wp-content/cache/seraphinite-accelerator/s/m/d/css/f3506e16be3aeb65e183538405cf1cb8.2c8f.css]
[razominer.com/wp-content/cache/seraphinite-accelerator/s/m/d/css/0c277a689ae9adba5e432643d5d41215.84e7.css]
[razominer.com/wp-content/cache/seraphinite-accelerator/s/m/d/css/fb2b3abf0b2df0f862e05a4e370c3d84.658a.css]
[razominer.com/wp-content/cache/seraphinite-accelerator/s/m/d/css/75338ebacbf0596aed360ffe431abfe3.4d7bd.css]
[razominer.com/wp-content/cache/seraphinite-accelerator/s/m/d/css/7edd00b171118df810ad528af2f3ea99.74e4.css]
[razominer.com/wp-content/cache/seraphinite-accelerator/s/m/d/css/97a2d1849f9dd028a2b950955330d666.149f.css]
[razominer.com/wp-content/cache/seraphinite-accelerator/s/m/d/css/2f456544971c179a6c0c4155addfb5ac.387.css]
[razominer.com/wp-content/cache/seraphinite-accelerator/s/m/d/css/891739c4bbc9cfec33715d9e06bc074f.1ef0.css]
[razominer.com/wp-content/cache/seraphinite-accelerator/s/m/d/css/ff24c3c0c6514d17404666e596248f05.1706.css]
[razominer.com/wp-content/cache/seraphinite-accelerator/s/m/d/css/c3be9e612baf8fc4af612de8af4c0864.230.css]
[razominer.com/wp-content/cache/seraphinite-accelerator/s/m/d/css/cc47f787a6142dfa2c7b6c0754ce0463.298.css]
[razominer.com/wp-content/cache/seraphinite-accelerator/s/m/d/css/a030427566051261c3e6105b3c2bb5ac.23df.css]
[razominer.com/wp-content/cache/seraphinite-accelerator/s/m/d/css/c888aac54b2a6b606c77003c439f2d77.211.css]
[razominer.com/wp-content/cache/seraphinite-accelerator/s/m/d/css/9a613b9b5a6d1c5fcd524f17a54fdad8.cd7.css]
[razominer.com/wp-content/cache/seraphinite-accelerator/s/m/d/css/c06526917f61ce74b9a29802c704f7a6.1ea5.css]
[razominer.com/wp-content/uploads/2024/09/white.png]
[razominer.com/wp-content/uploads/2024/03/try-high-quality.png]
[razominer.com/index8c43.html]
[razominer.com/contact-us/index.html]
[razominer.com/pricing/index.html]
[razominer.com/wp-content/uploads/2024/09/WhatsApp-Image-2024-09-29-at-5.50.19-AM.jpg]
[razominer.com/about-us/index.html]
[razominer.com/wp-content/uploads/2024/08/bING-MAPS.png]
[razominer.com/wp-content/uploads/2024/08/facebook.png]
[razominer.com/wp-content/uploads/2024/08/GOOGLE-MAPS-1.png]
[razominer.com/wp-content/uploads/2024/08/GOOGLE-PLACES.png]
[razominer.com/wp-content/uploads/2024/08/instagram.png]
[razominer.com/wp-content/uploads/2024/08/linkedin.png]
[razominer.com/wp-content/uploads/2024/08/yahoo.png]
[razominer.com/wp-content/uploads/2024/08/yp.png]
[razominer.com/wp-content/uploads/2024/08/WhatsappBot.png]
[razominer.com/wp-content/uploads/2024/08/1080px-new-2.mp4]
[razominer.com/wp-content/uploads/2024/08/Sales-Engine-1.mp4]
[razominer.com/wp-content/uploads/2024/08/loop-metro.mp4]
[razominer.com/wp-content/uploads/2024/08/sales.jpg]
[razominer.com/wp-content/uploads/2024/10/WhatsApp-Image-2024-10-01-at-11.26.15-PM.jpg]
[razominer.com/wp-content/uploads/2024/08/refined-secure.png]
[razominer.com/wp-content/uploads/2024/08/imp.png]
[razominer.com/wp-content/uploads/2024/02/checkgreen.png]
[razominer.com/wp-content/uploads/2024/09/omg.png]
[razominer.com/exclusive/index.html]
[razominer.com/wp-content/uploads/2024/10/abn-JUNCTION.png]
[razominer.com/wp-content/uploads/2024/10/Collab-Crew-Hub.png]
[razominer.com/wp-content/uploads/2024/10/DAY-8.png]
[razominer.com/wp-content/uploads/2024/10/Shifumedia.png]
[razominer.com/wp-content/uploads/2024/10/DCD.png]
[razominer.com/wp-content/uploads/2024/10/softflowsolutions.png]
[razominer.com/wp-content/uploads/2024/10/Skaler.png]
[razominer.com/wp-content/uploads/2024/10/Qads.png]
[razominer.com/wp-content/uploads/2024/10/Kreolodgy.png]
[razominer.com/wp-content/uploads/2024/10/MTL-ENTERTAINMENT.png]
[razominer.com/wp-content/uploads/2024/08/2.png]
[razominer.com/wp-content/uploads/2024/08/3.png]
[razominer.com/wp-content/uploads/2024/08/1.png]
[razominer.com/wp-content/uploads/2024/08/4.png]
[razominer.com/wp-content/uploads/2024/08/5.png]
[razominer.com/wp-content/uploads/2024/09/om.png]
[razominer.com/wp-content/uploads/2024/09/Nitin.png]
[razominer.com/wp-content/uploads/2024/09/andrea-li.png]
[razominer.com/wp-content/uploads/2024/08/try-high-quality.png]
[razominer.com/wp-content/plugins/themesflat-addons-for-elementor/assets/js/anime.min109c.js]
[razominer.com/wp-content/plugins/themesflat-addons-for-elementor/assets/js/textanimation109c.js]
[razominer.com/wp-content/plugins/themesflat-addons-for-elementor/assets/js/tf-animated109c.js]
[razominer.com/wp-content/plugins/metform/public/assets/lib/cute-alert/cute-alert6f61.js]
[razominer.com/wp-content/themes/hello-elementor/assets/js/hello-frontend.minb12b.js]
[razominer.com/wp-content/plugins/elementskit-lite/libs/framework/assets/js/frontend-scripte5ca.js]
[razominer.com/wp-content/plugins/elementskit-lite/widgets/init/assets/js/widget-scriptse5ca.js]
[stats.wp.com/e-202444.js]
[razominer.com/wp-includes/js/mediaelement/mediaelement-and-player.min1f61.js]
[razominer.com/wp-includes/js/mediaelement/mediaelement-migrate.min109c.js]
[razominer.com/wp-includes/js/mediaelement/wp-mediaelement.min109c.js]
[razominer.com/wp-content/plugins/dethemekit-for-elementor/assets/js/lib/ResizeSensor.min7d4c.js]
[razominer.com/wp-content/plugins/dethemekit-for-elementor/assets/js/lib/sticky-sidebar/sticky-sidebar.min3d36.js]
[razominer.com/wp-content/plugins/dethemekit-for-elementor/assets/js/lib/jsticky/jquery.jstickyf488.js]
[razominer.com/wp-content/plugins/elementor/assets/js/webpack.runtime.min6e54.js]
[razominer.com/wp-content/plugins/elementor/assets/js/frontend-modules.min6e54.js]
[razominer.com/wp-content/plugins/elementor/assets/lib/waypoints/waypoints.min05da.js]
[razominer.com/wp-includes/js/jquery/ui/core.minb37e.js]
[razominer.com/wp-content/plugins/elementor/assets/js/frontend.min6e54.js]
[razominer.com/wp-content/plugins/dethemekit-for-elementor/assets/js/de-sticky-frontend784e.js]
[razominer.com/wp-content/plugins/dethemekit-for-elementor/assets/js/de-active-icon-box784e.js]
[razominer.com/wp-content/plugins/dethemekit-for-elementor/assets/js/de-active-column784e.js]
[razominer.com/wp-content/plugins/elementskit-lite/widgets/init/assets/js/animate-circle.mine5ca.js]
[razominer.com/wp-content/plugins/elementskit-lite/widgets/init/assets/js/elementore5ca.js]
[razominer.com/wp-content/plugins/dethemekit-for-elementor/includes/ext/sina/assets/js/anime.min109c.js]
[razominer.com/wp-content/plugins/dethemekit-for-elementor/includes/ext/sina/assets/js/scrollMonitor109c.js]
[razominer.com/wp-content/plugins/dethemekit-for-elementor/includes/ext/sina/assets/js/de_scroll_animation.preview109c.js]
[razominer.com/wp-content/plugins/dethemekit-for-elementor/includes/ext/sina/assets/js/intersectionobserver109c.js]
[razominer.com/wp-content/plugins/dethemekit-for-elementor/includes/ext/sina/assets/js/letter/charming.min109c.js]
[razominer.com/wp-content/plugins/dethemekit-for-elementor/includes/ext/sina/assets/js/letter/lineMaker109c.js]
[razominer.com/wp-content/plugins/dethemekit-for-elementor/includes/ext/sina/assets/js/letter/imagesloaded.pkgd.min109c.js]
[razominer.com/wp-content/plugins/dethemekit-for-elementor/includes/ext/sina/assets/js/letter/textfx109c.js]
[razominer.com/wp-content/plugins/dethemekit-for-elementor/includes/ext/sina/assets/js/main109c.js]
[razominer.com/wp-content/plugins/dethemekit-for-elementor/includes/ext/sina/assets/js/de_reveal_animation.preview109c.js]
[razominer.com/wp-content/plugins/dethemekit-for-elementor/includes/ext/sina/assets/js/de_staggering/de_staggering109c.js]
[www.youtube.com/iframe_api]
[razominer.com/GET]
[razominer.com/index.html]
[stats.wp.com/index.html]
[fonts.gstatic.com/index.html]
[razominer.com/wp-content/plugins/elementor/assets/lib/font-awesome/webfonts/fa-brands-400.eot]
[razominer.com/wp-content/plugins/elementor/assets/lib/font-awesome/webfonts/fa-brands-400d41d.eot]
[razominer.com/wp-content/plugins/elementor/assets/lib/font-awesome/webfonts/fa-brands-400.woff2]
[razominer.com/wp-content/plugins/elementor/assets/lib/font-awesome/webfonts/fa-brands-400.woff]
[razominer.com/wp-content/plugins/elementor/assets/lib/font-awesome/webfonts/fa-brands-400.ttf]
[razominer.com/wp-content/plugins/elementor/assets/lib/font-awesome/webfonts/fa-brands-400.svg]
[razominer.com/wp-content/plugins/elementor/assets/lib/font-awesome/webfonts/fa-regular-400d41d.eot]
[razominer.com/wp-content/plugins/elementor/assets/lib/font-awesome/webfonts/fa-regular-400.eot]
[razominer.com/wp-content/plugins/elementor/assets/lib/font-awesome/webfonts/fa-regular-400.woff2]
[razominer.com/wp-content/plugins/elementor/assets/lib/font-awesome/webfonts/fa-regular-400.woff]
[razominer.com/wp-content/plugins/elementor/assets/lib/font-awesome/webfonts/fa-regular-400.ttf]
[razominer.com/wp-content/plugins/elementor/assets/lib/font-awesome/webfonts/fa-regular-400.svg]
[razominer.com/wp-content/plugins/elementor/assets/lib/font-awesome/webfonts/fa-solid-900.eot]
[razominer.com/wp-content/plugins/elementor/assets/lib/font-awesome/webfonts/fa-solid-900d41d.eot]
[razominer.com/wp-content/plugins/elementor/assets/lib/font-awesome/webfonts/fa-solid-900.woff2]
[razominer.com/wp-content/plugins/elementor/assets/lib/font-awesome/webfonts/fa-solid-900.woff]
[razominer.com/wp-content/plugins/elementor/assets/lib/font-awesome/webfonts/fa-solid-900.ttf]
[razominer.com/wp-content/plugins/elementor/assets/lib/font-awesome/webfonts/fa-solid-900.svg]
[razominer.com/wp-content/plugins/elementor/assets/lib/font-awesome/fonts/fontawesome-webfont3e6e.eot]
[razominer.com/wp-content/plugins/elementor/assets/lib/font-awesome/fonts/fontawesome-webfontd41d.eot]
[razominer.com/wp-content/plugins/elementor/assets/lib/font-awesome/fonts/fontawesome-webfont3e6e.woff2]
[razominer.com/wp-content/plugins/elementor/assets/lib/font-awesome/fonts/fontawesome-webfont3e6e.woff]
[razominer.com/wp-content/plugins/elementor/assets/lib/font-awesome/fonts/fontawesome-webfont3e6e.ttf]
[razominer.com/wp-content/plugins/elementor/assets/lib/font-awesome/fonts/fontawesome-webfont3e6e.svg]
[razominer.com/wp-content/plugins/dethemekit-for-elementor/assets/fonts/Simple-Line-Iconsb26c.eot]
[razominer.com/wp-content/plugins/dethemekit-for-elementor/assets/fonts/Simple-Line-Iconsb26c.woff2]
[razominer.com/wp-content/plugins/dethemekit-for-elementor/assets/fonts/Simple-Line-Iconsb26c.ttf]
[razominer.com/wp-content/plugins/dethemekit-for-elementor/assets/fonts/Simple-Line-Iconsb26c.woff]
[razominer.com/wp-content/plugins/dethemekit-for-elementor/assets/fonts/Simple-Line-Iconsb26c.svg]
[razominer.com/wp-content/plugins/elementskit-lite/modules/elementskit-icon-pack/assets/fonts/elementskit97ac.woff]
[razominer.com/index8c43.html]
[razominer.com/wp-json/wp/v2/pages/1309.json]
[razominer.com/wp-json/oembed/1.0/embed0284.json]
[razominer.com/wp-json/oembed/1.0/embed8275]
[razominer.com/wp-content/cache/seraphinite-accelerator/s/m/d/css/0a4802d82f1e33ed2b874283e953774c.3e4.css]
[razominer.com/wp-content/cache/seraphinite-accelerator/s/m/d/css/b9169c1bc0fb4504182d092817e9a8e4.a5f.css]
[razominer.com/wp-content/cache/seraphinite-accelerator/s/m/d/css/3d08162ae1e0c28ed33e8765e5ffd2ef.19b92.css]
[razominer.com/wp-content/cache/seraphinite-accelerator/s/m/d/css/7e1f93e54693b8dc91245d1e32e70d53.1049.css]
[razominer.com/wp-content/cache/seraphinite-accelerator/s/m/d/css/069180294cb3a55ecc770e4ebb192622.1d8cc.css]
[razominer.com/wp-content/cache/seraphinite-accelerator/s/m/d/css/777ab50de32b06a8dc10e482e6c5c404.35b1.css]
[razominer.com/wp-content/cache/seraphinite-accelerator/s/m/d/css/662b87074d877237756a53e65a8b3b99.757f.css]
[razominer.com/wp-content/cache/seraphinite-accelerator/s/m/d/css/b4998cb88b3d45814b13f8a9bf4b3ce1.4f279.css]
[razominer.com/wp-content/cache/seraphinite-accelerator/s/m/d/css/317fbc87772718eb181ec7feba35e148.765b.css]
[razominer.com/wp-content/cache/seraphinite-accelerator/s/m/d/css/ac37efa7bb7ac6308ab679f0b0ed7828.17c0.css]
[razominer.com/wp-content/cache/seraphinite-accelerator/s/m/d/css/624e23e148eae2728aed633e0c5d0a43.2dc.css]
[razominer.com/wp-content/cache/seraphinite-accelerator/s/m/d/css/c14f32a9c5bfb470fd67a73c8bdb47da.d33.css]
[razominer.com/wp-content/cache/seraphinite-accelerator/s/m/d/css/eb754e6e2d5baf91428fd188b48b10a6.207d.css]
[razominer.com/pricing/GET]
[razominer.com/pricing/index.html]
[razominer.com/pricing/index946a.html]
[razominer.com/resources/index.html]
[razominer.com/wp-json/wp/v2/pages/1279.json]
[razominer.com/wp-json/oembed/1.0/embed0136.json]
[razominer.com/wp-json/oembed/1.0/embed36aa]
[razominer.com/wp-content/cache/seraphinite-accelerator/s/m/d/css/ab2f10695b94ab728c2c337ea2dd8714.3e5.css]
[razominer.com/wp-content/cache/seraphinite-accelerator/s/m/d/css/2c39a047a2320ad25aa64e233dae17a0.a52.css]
[razominer.com/wp-content/cache/seraphinite-accelerator/s/m/d/css/827ca253828244c18180572cb76d20f9.1a3e4.css]
[razominer.com/wp-content/cache/seraphinite-accelerator/s/m/d/css/89641a645856775f60cb27e965e365ab.8dd.css]
[razominer.com/wp-content/cache/seraphinite-accelerator/s/m/d/css/6e99ca3f9838918b94c1ea2aaa714469.1d842.css]
[razominer.com/wp-content/cache/seraphinite-accelerator/s/m/d/css/3830f8e70d348f146ae4b19d730f48f3.2fd9.css]
[razominer.com/wp-content/cache/seraphinite-accelerator/s/m/d/css/b26e81fc5cc4dc75bb2a44823e96a011.4fe05.css]
[razominer.com/wp-content/cache/seraphinite-accelerator/s/m/d/css/bc7bf4cff4b8deb44f11da7cf44b228a.1970.css]
[razominer.com/wp-content/cache/seraphinite-accelerator/s/m/d/css/d55640b1aa2b710701750642d72da00d.398.css]
[razominer.com/wp-content/cache/seraphinite-accelerator/s/m/d/css/ad2cd96a281f3573a99ca93ef7e88da8.45e.css]
[razominer.com/contact-us/index5940.html]
[stats.wp.com/e-202443.js]
[razominer.com/contact-us/GET]
[razominer.com/contact-us/index.html]
[razominer.com/wp-json/wp/v2/pages/1726.json]
[razominer.com/wp-json/oembed/1.0/embed28a0.json]
[razominer.com/wp-json/oembed/1.0/embedbbd7]
[razominer.com/wp-content/cache/seraphinite-accelerator/s/m/d/css/0bbbef7966a3466cf1e7287e1964bfd0.3f4.css]
[razominer.com/wp-content/cache/seraphinite-accelerator/s/m/d/css/7c9d2a98b2e39bf8011e6f210cce52cc.a74.css]
[razominer.com/wp-content/cache/seraphinite-accelerator/s/m/d/css/1135b603dc0b66eef266e4db0cddd022.19d45.css]
[razominer.com/wp-content/cache/seraphinite-accelerator/s/m/d/css/c3260c582e518a317f658472926af240.13ff.css]
[razominer.com/wp-content/cache/seraphinite-accelerator/s/m/d/css/832ce1722acadda5b83f0d09518648ad.1d9b9.css]
[razominer.com/wp-content/uploads/2024/09/linebgoverlay.png]
[razominer.com/wp-content/uploads/2024/09/WhatsApp-Image-2024-09-28-at-11.33.35-PM.jpg]
[razominer.com/wp-content/cache/seraphinite-accelerator/s/m/d/css/793349d71885d6796e9c099d5a95c97d.33d5.css]
[razominer.com/wp-content/cache/seraphinite-accelerator/s/m/d/css/67b388afa6223396e02ea1c34925d7dd.17ab.css]
[razominer.com/wp-content/cache/seraphinite-accelerator/s/m/d/css/341f2e9085a32bf41fc478ad64459d76.d83.css]
[razominer.com/about-us/GET]
[razominer.com/about-us/index.html]
[razominer.com/about-us/index171c.html]
[razominer.com/wp-json/wp/v2/pages/496.json]
[razominer.com/wp-json/oembed/1.0/embedbc9d.json]
[razominer.com/wp-json/oembed/1.0/embedd178]
[razominer.com/wp-content/cache/seraphinite-accelerator/s/m/d/css/fffc10f370162c7ea44028fcd42e6367.a60.css]
[razominer.com/wp-content/cache/seraphinite-accelerator/s/m/d/css/58f2ecb4ec0e24d242df0adea671c4f3.13f2.css]
[razominer.com/wp-content/cache/seraphinite-accelerator/s/m/d/css/a96e89ff17ae9884b1cbe819f4a8c380.1a1ea.css]
[razominer.com/wp-content/cache/seraphinite-accelerator/s/m/d/css/d7cea2ec0fb2857259705d153d639305.1049.css]
[razominer.com/wp-content/cache/seraphinite-accelerator/s/m/d/css/7ae09e7248a3effab662bf87df6b56d0.174ce.css]
[razominer.com/wp-content/uploads/2024/02/iooo.png]
[razominer.com/wp-content/cache/seraphinite-accelerator/s/m/d/css/1cb9306a6333103dc22654b19d50ce06.3b0a.css]
[razominer.com/wp-content/cache/seraphinite-accelerator/s/m/d/css/9750daed70e627535effd428b8a9152f.1a27.css]
[razominer.com/wp-content/cache/seraphinite-accelerator/s/m/d/css/6199ac184f2d1adef72dfad8d964795d.205f.css]
[razominer.com/wp-content/uploads/2024/03/1.png]
[razominer.com/wp-content/uploads/2024/03/2.png]
[razominer.com/exclusive/index4129.html]
[razominer.com/wp-content/uploads/2024/03/6.png]
[razominer.com/wp-content/uploads/2024/03/3.png]
[razominer.com/wp-content/uploads/2024/03/4.png]
[razominer.com/wp-content/uploads/2024/03/5.png]
[razominer.com/wp-content/uploads/2024/03/logo-stripe.png]
[razominer.com/wp-content/uploads/2024/03/arrow-2.png]
[razominer.com/wp-content/uploads/2024/10/Exclusive-One-month-plan.png]
[razominer.com/wp-content/uploads/2024/10/potrait.png]
[razominer.com/exclusive/GET]
[razominer.com/exclusive/index.html]
[razominer.com/GET.html]
[razominer.com/indexdc32.html]
[razominer.com/pricing/index946a.html]
[razominer.com/wp-json/wp/v2/pages/1318.json]
[razominer.com/wp-json/oembed/1.0/embed5713.json]
[razominer.com/wp-json/oembed/1.0/embedb5c6]
[razominer.com/wp-content/cache/seraphinite-accelerator/s/m/d/css/42aee689ccaefff5e9ea90adb29da489.a4b.css]
[razominer.com/wp-content/cache/seraphinite-accelerator/s/m/d/css/0574f09d18b89a09d0a45d541d03bb9d.19d01.css]
[razominer.com/wp-content/cache/seraphinite-accelerator/s/m/d/css/8ac2fbdcd5fcd4ad1d8da15b3ced9b3d.c93.css]
[razominer.com/wp-content/cache/seraphinite-accelerator/s/m/d/css/99e43a6e4ab8c06266a388fc3745066a.1da43.css]
[razominer.com/wp-content/cache/seraphinite-accelerator/s/m/d/css/892ba79a8856c9a6e8906089417a815b.3a49.css]
[razominer.com/wp-content/cache/seraphinite-accelerator/s/m/d/css/df5cf05a5f608ab06143f367f7be4ab6.1e7.css]
[razominer.com/wp-content/cache/seraphinite-accelerator/s/m/d/css/358423a2d0dab7f8216cc54519de624e.34a.css]
[razominer.com/wp-content/cache/seraphinite-accelerator/s/m/d/css/aa4fd971eab55c080a6db83fe1cfa75e.1ee5.css]
[razominer.com/wp-content/uploads/2024/08/new-thumbnail.png]
[razominer.com/wp-content/uploads/2024/08/first-youtube-video-thumbnail.png]
[razominer.com/resources/index6e7a.html]
[razominer.com/wp-content/uploads/2024/03/new-leads.png]
[razominer.com/wp-content/uploads/2024/03/location.png]
[razominer.com/wp-content/uploads/2024/03/new-keywords.png]
[razominer.com/wp-content/uploads/2024/03/ai.png]
[razominer.com/wp-content/uploads/2024/03/excelsheet.png]
[razominer.com/wp-content/uploads/2024/03/captcha.png]
[razominer.com/wp-content/uploads/2024/04/test11.png]
[razominer.com/wp-content/uploads/2024/03/intro.png]
[razominer.com/wp-content/uploads/2024/03/gmaps.png]
[razominer.com/wp-content/uploads/2024/03/yp-thumbnail.png]
[razominer.com/wp-content/uploads/2024/03/dubai.png]
[razominer.com/wp-content/uploads/2024/04/coming-soon.png]
[razominer.com/wp-content/uploads/2024/04/inmotion-graphics.mp4]
[razominer.com/wp-content/uploads/2024/03/greenspeech.png]
[razominer.com/resources/GET]
[razominer.com/resources/index.html]
[razominer.com/pricing/GET.html]
[razominer.com/index2d4b.html]
[razominer.com/contact-us/index5940.html]
[razominer.com/contact-us/GET.html]
[razominer.com/index41d8.html]
[razominer.com/about-us/index171c.html]
[razominer.com/about-us/GET.html]
[razominer.com/index0a18.html]
[razominer.com/exclusive/index4129.html]
[razominer.com/exclusive/GET.html]
[razominer.com/indexba61.html]
[razominer.com/resources/index6e7a.html]
[razominer.com/resources/GET.html]
[razominer.com/wp-json/index.html]
[razominer.com/wp-json/wp/v2/pages/1598.json]
[razominer.com/wp-json/oembed/1.0/embed20c8.json]
[razominer.com/wp-json/oembed/1.0/embed4181]
[razominer.com/wp-content/cache/seraphinite-accelerator/s/m/d/css/20f5d42ce7a29931cafbba6fee7ceaa1.157.css]
[razominer.com/xmlrpc0db0.php]
[razominer.com/wp-content/cache/seraphinite-accelerator/s/m/d/css/3d1b401490ac2d9c0453171906c23c3a.84.css]
[razominer.com/wp-content/cache/seraphinite-accelerator/s/m/d/css/f80558a266007c3364de00d8a7932cc1.6f0.css]
[razominer.com/wp-content/cache/seraphinite-accelerator/s/m/d/css/374829c26499555211ee9c4a9976f103.7d.css]
[razominer.com/wp-content/cache/seraphinite-accelerator/s/m/d/css/d41d8cd98f00b204e9800998ecf8427e.0.css]
[razominer.com/wp-content/cache/seraphinite-accelerator/s/m/d/css/55b80b4a9a804729e573dd5b59abd069.bf.css]
[razominer.com/wp-content/cache/seraphinite-accelerator/s/m/d/css/46fb5cf8d2379aebcde925a4fd8e54bf.3bc.css]
[razominer.com/wp-content/cache/seraphinite-accelerator/s/m/d/css/263b502ed235d436585d707317866ff6.107.css]
[razominer.com/wp-content/cache/seraphinite-accelerator/s/m/d/css/8cbda6adf4684faa520df3e900da8dbc.607.css]
[razominer.com/wp-content/cache/seraphinite-accelerator/s/m/d/css/2a910b7bff07ec42ad904027e62a5037.3964.css]
[www.youtube.com/iframe_api]
[razominer.com/wp-content/cache/seraphinite-accelerator/s/m/d/css/ca7a90a8b9c74fc156ca20ed061f10fe.5225.css]
[razominer.com/wp-content/cache/seraphinite-accelerator/s/m/d/css/ef7142293c18f5044b5198d7a105189f.d58c.css]
[razominer.com/wp-content/cache/seraphinite-accelerator/s/m/d/css/f1c675ecc227f750063f64afa434496d.37.css]
[razominer.com/wp-content/cache/seraphinite-accelerator/s/m/d/css/6951c405b846cbf767da4136048a7ce4.103b.css]
[razominer.com/wp-includes/js/mediaelement/mejs-controls.svg]
[razominer.com/wp-content/cache/seraphinite-accelerator/s/m/d/css/cc8b8810607a4720900db4776591f30c.302c.css]
[razominer.com/wp-content/cache/seraphinite-accelerator/s/m/d/css/ea958276b7de454bd3c2873f0dc47e5f.105a.css]
[razominer.com/wp-content/cache/seraphinite-accelerator/s/m/d/css/2f3cdb79e97cc2a6d7f8fbfab10bb874.250.css]
[razominer.com/wp-content/cache/seraphinite-accelerator/s/m/d/css/20b431ab6ecd62bdb35135b32eb9456a.100.css]
[razominer.com/wp-content/cache/seraphinite-accelerator/s/m/d/css/28b888b54d8b0f0d30da14539989c003.1712.css]
[razominer.com/wp-content/cache/seraphinite-accelerator/s/m/d/css/9000c8acd54d79de3a9d102529ad3fce.10ba.css]
[razominer.com/wp-content/cache/seraphinite-accelerator/s/m/d/css/d4e96925b9a3d306ccc228daac9a62fd.5746.css]
[razominer.com/wp-content/cache/seraphinite-accelerator/s/m/d/css/bc2a706f73ec4ed2263ee2fb365a9f9d.a22.css]
[razominer.com/wp-json/wp/v2/pages/1309.json]
[razominer.com/wp-content/cache/seraphinite-accelerator/s/m/d/css/871f63506a4db528b45f2800932601e1.141a.css]
[razominer.com/wp-json/wp/v2/pages/1279.json]
[razominer.com/wp-content/cache/seraphinite-accelerator/s/m/d/css/9b0437e1b02fed93929ed0ba63fa068c.1c2c.css]
[razominer.com/wp-json/oembed/1.0/embed28a0.json]
[razominer.com/wp-content/cache/seraphinite-accelerator/s/m/d/css/56a5063a1fcb3cc1492d26f37ef0da96.17d6c.css]
[razominer.com/wp-json/oembed/1.0/embedbbd7]
[razominer.com/wp-json/wp/v2/pages/1726.json]
[razominer.com/wp-content/cache/seraphinite-accelerator/s/m/d/css/cb0692a2038b5684246c305bc2c11fc6.527.css]
[razominer.com/wp-json/wp/v2/pages/496.json]
[razominer.com/wp-content/cache/seraphinite-accelerator/s/m/d/css/64cc7287adada65880a7d3fbfe150ae5.7018.css]
[razominer.com/wp-content/cache/seraphinite-accelerator/s/m/d/css/56e7d611829f20e002f578d5d328bd44.1b27.css]
[razominer.com/wp-content/cache/seraphinite-accelerator/s/m/d/css/75ef56496f94b2057c3528a23753fb14.33b7.css]
[razominer.com/wp-content/cache/seraphinite-accelerator/s/m/d/css/a0e5def3173cdb9f7283dfef365a3206.50f.css]
[razominer.com/wp-json/oembed/1.0/embed5713.json]
[razominer.com/wp-content/cache/seraphinite-accelerator/s/m/d/css/27370d5ec1779a367a2d1906b4f66018.175bb.css]
[razominer.com/wp-content/cache/seraphinite-accelerator/s/m/d/css/ce13a0fa837ecb0e53905e61e8b3e9c6.61b.css]
[razominer.com/wp-json/wp/v2/pages/1318.json]
[razominer.com/wp-content/cache/seraphinite-accelerator/s/m/d/css/5468199b9ed775d4631fd8410d6ff4eb.2ae.css]
[razominer.com/wp-content/cache/seraphinite-accelerator/s/m/d/css/ae92c53efb4f9507bbcf4ef505dca6e3.1d647.css]
[razominer.com/wp-content/cache/seraphinite-accelerator/s/m/d/css/55b60a3389f19c34d57922ff9d90cb81.3395.css]
[razominer.com/wp-content/cache/seraphinite-accelerator/s/m/d/css/03a6ca872b0145151960f9d5fb773e00.121.css]
[razominer.com/wp-content/cache/seraphinite-accelerator/s/m/d/css/f3506e16be3aeb65e183538405cf1cb8.2c8f.css]
[razominer.com/wp-content/cache/seraphinite-accelerator/s/m/d/css/0c277a689ae9adba5e432643d5d41215.84e7.css]
[razominer.com/wp-content/cache/seraphinite-accelerator/s/m/d/css/fb2b3abf0b2df0f862e05a4e370c3d84.658a.css]
[razominer.com/wp-content/cache/seraphinite-accelerator/s/m/d/css/75338ebacbf0596aed360ffe431abfe3.4d7bd.css]
[razominer.com/wp-content/cache/seraphinite-accelerator/s/m/d/css/7edd00b171118df810ad528af2f3ea99.74e4.css]
[razominer.com/wp-content/cache/seraphinite-accelerator/s/m/d/css/97a2d1849f9dd028a2b950955330d666.149f.css]
[razominer.com/wp-content/cache/seraphinite-accelerator/s/m/d/css/dd250e187b91917f6a91560e44bf1fd8.19.css]
[razominer.com/wp-content/cache/seraphinite-accelerator/s/m/d/css/2f456544971c179a6c0c4155addfb5ac.387.css]
[razominer.com/wp-content/cache/seraphinite-accelerator/s/m/d/css/891739c4bbc9cfec33715d9e06bc074f.1ef0.css]
[razominer.com/wp-content/cache/seraphinite-accelerator/s/m/d/css/ff24c3c0c6514d17404666e596248f05.1706.css]
[razominer.com/wp-content/cache/seraphinite-accelerator/s/m/d/css/c3be9e612baf8fc4af612de8af4c0864.230.css]
[razominer.com/wp-content/cache/seraphinite-accelerator/s/m/d/css/cc47f787a6142dfa2c7b6c0754ce0463.298.css]
[razominer.com/wp-content/cache/seraphinite-accelerator/s/m/d/css/a030427566051261c3e6105b3c2bb5ac.23df.css]
[razominer.com/wp-content/cache/seraphinite-accelerator/s/m/d/css/32998849a80327afb1137e5b5812797a.6d.css]
[razominer.com/wp-content/cache/seraphinite-accelerator/s/m/d/css/c888aac54b2a6b606c77003c439f2d77.211.css]
[razominer.com/wp-content/cache/seraphinite-accelerator/s/m/d/css/9a613b9b5a6d1c5fcd524f17a54fdad8.cd7.css]
[razominer.com/wp-content/cache/seraphinite-accelerator/s/m/d/css/c06526917f61ce74b9a29802c704f7a6.1ea5.css]
[razominer.com/GET.html]
[razominer.com/wp-content/plugins/elementor/assets/lib/font-awesome/webfonts/fa-brands-400.svg]
[razominer.com/wp-content/plugins/elementor/assets/lib/font-awesome/webfonts/fa-brands-400d41d.eot]
[razominer.com/wp-content/plugins/elementor/assets/lib/font-awesome/webfonts/fa-regular-400.svg]
[razominer.com/wp-content/plugins/elementor/assets/lib/font-awesome/webfonts/fa-regular-400.woff2]
[razominer.com/wp-content/plugins/elementor/assets/lib/font-awesome/webfonts/fa-solid-900.svg]
[razominer.com/wp-content/plugins/elementor/assets/lib/font-awesome/webfonts/fa-solid-900.woff2]
[razominer.com/wp-content/plugins/elementor/assets/lib/font-awesome/fonts/fontawesome-webfont3e6e.svg]
[razominer.com/wp-content/plugins/elementor/assets/lib/font-awesome/fonts/fontawesome-webfont3e6e.woff2]
[razominer.com/wp-content/plugins/dethemekit-for-elementor/assets/fonts/Simple-Line-Iconsb26c.svg]
[razominer.com/wp-content/plugins/dethemekit-for-elementor/assets/fonts/Simple-Line-Iconsb26c.woff2]
[razominer.com/indexdc32.html]
[razominer.com/wp-content/cache/seraphinite-accelerator/s/m/d/css/0a4802d82f1e33ed2b874283e953774c.3e4.css]
[razominer.com/wp-content/cache/seraphinite-accelerator/s/m/d/css/b9169c1bc0fb4504182d092817e9a8e4.a5f.css]
[razominer.com/wp-content/cache/seraphinite-accelerator/s/m/d/css/3d08162ae1e0c28ed33e8765e5ffd2ef.19b92.css]
[razominer.com/wp-content/cache/seraphinite-accelerator/s/m/d/css/7e1f93e54693b8dc91245d1e32e70d53.1049.css]
[razominer.com/wp-content/cache/seraphinite-accelerator/s/m/d/css/069180294cb3a55ecc770e4ebb192622.1d8cc.css]
[razominer.com/wp-content/cache/seraphinite-accelerator/s/m/d/css/777ab50de32b06a8dc10e482e6c5c404.35b1.css]
[razominer.com/wp-content/cache/seraphinite-accelerator/s/m/d/css/662b87074d877237756a53e65a8b3b99.757f.css]
[razominer.com/wp-content/cache/seraphinite-accelerator/s/m/d/css/b4998cb88b3d45814b13f8a9bf4b3ce1.4f279.css]
[razominer.com/wp-content/cache/seraphinite-accelerator/s/m/d/css/317fbc87772718eb181ec7feba35e148.765b.css]
[razominer.com/wp-content/cache/seraphinite-accelerator/s/m/d/css/ac37efa7bb7ac6308ab679f0b0ed7828.17c0.css]
[razominer.com/wp-content/cache/seraphinite-accelerator/s/m/d/css/624e23e148eae2728aed633e0c5d0a43.2dc.css]
[razominer.com/wp-content/cache/seraphinite-accelerator/s/m/d/css/c14f32a9c5bfb470fd67a73c8bdb47da.d33.css]
[razominer.com/wp-content/cache/seraphinite-accelerator/s/m/d/css/eb754e6e2d5baf91428fd188b48b10a6.207d.css]
[razominer.com/index2d4b.html]
[razominer.com/wp-content/cache/seraphinite-accelerator/s/m/d/css/ab2f10695b94ab728c2c337ea2dd8714.3e5.css]
[razominer.com/wp-content/cache/seraphinite-accelerator/s/m/d/css/2c39a047a2320ad25aa64e233dae17a0.a52.css]
[razominer.com/wp-content/cache/seraphinite-accelerator/s/m/d/css/827ca253828244c18180572cb76d20f9.1a3e4.css]
[razominer.com/wp-content/cache/seraphinite-accelerator/s/m/d/css/89641a645856775f60cb27e965e365ab.8dd.css]
[razominer.com/wp-content/cache/seraphinite-accelerator/s/m/d/css/6e99ca3f9838918b94c1ea2aaa714469.1d842.css]
[razominer.com/wp-content/cache/seraphinite-accelerator/s/m/d/css/3830f8e70d348f146ae4b19d730f48f3.2fd9.css]
[razominer.com/wp-content/cache/seraphinite-accelerator/s/m/d/css/b26e81fc5cc4dc75bb2a44823e96a011.4fe05.css]
[razominer.com/wp-content/cache/seraphinite-accelerator/s/m/d/css/bc7bf4cff4b8deb44f11da7cf44b228a.1970.css]
[razominer.com/wp-content/cache/seraphinite-accelerator/s/m/d/css/d55640b1aa2b710701750642d72da00d.398.css]
[razominer.com/wp-content/cache/seraphinite-accelerator/s/m/d/css/ad2cd96a281f3573a99ca93ef7e88da8.45e.css]
[razominer.com/contact-us/GET.html]
[razominer.com/index41d8.html]
[razominer.com/wp-content/cache/seraphinite-accelerator/s/m/d/css/0bbbef7966a3466cf1e7287e1964bfd0.3f4.css]
[razominer.com/wp-content/cache/seraphinite-accelerator/s/m/d/css/7c9d2a98b2e39bf8011e6f210cce52cc.a74.css]
[razominer.com/wp-content/cache/seraphinite-accelerator/s/m/d/css/1135b603dc0b66eef266e4db0cddd022.19d45.css]
[razominer.com/wp-content/cache/seraphinite-accelerator/s/m/d/css/c3260c582e518a317f658472926af240.13ff.css]
[razominer.com/wp-content/cache/seraphinite-accelerator/s/m/d/css/832ce1722acadda5b83f0d09518648ad.1d9b9.css]
[razominer.com/wp-content/cache/seraphinite-accelerator/s/m/d/css/793349d71885d6796e9c099d5a95c97d.33d5.css]
[razominer.com/wp-content/cache/seraphinite-accelerator/s/m/d/css/67b388afa6223396e02ea1c34925d7dd.17ab.css]
[razominer.com/wp-content/cache/seraphinite-accelerator/s/m/d/css/341f2e9085a32bf41fc478ad64459d76.d83.css]
[razominer.com/index0a18.html]
[razominer.com/wp-content/cache/seraphinite-accelerator/s/m/d/css/fffc10f370162c7ea44028fcd42e6367.a60.css]
[razominer.com/wp-content/cache/seraphinite-accelerator/s/m/d/css/58f2ecb4ec0e24d242df0adea671c4f3.13f2.css]
[razominer.com/wp-content/cache/seraphinite-accelerator/s/m/d/css/a96e89ff17ae9884b1cbe819f4a8c380.1a1ea.css]
[razominer.com/wp-content/cache/seraphinite-accelerator/s/m/d/css/d7cea2ec0fb2857259705d153d639305.1049.css]
[razominer.com/wp-content/cache/seraphinite-accelerator/s/m/d/css/7ae09e7248a3effab662bf87df6b56d0.174ce.css]
[razominer.com/wp-content/cache/seraphinite-accelerator/s/m/d/css/1cb9306a6333103dc22654b19d50ce06.3b0a.css]
[razominer.com/wp-content/cache/seraphinite-accelerator/s/m/d/css/9750daed70e627535effd428b8a9152f.1a27.css]
[razominer.com/wp-content/cache/seraphinite-accelerator/s/m/d/css/6199ac184f2d1adef72dfad8d964795d.205f.css]
[razominer.com/exclusive/GET.html]
[razominer.com/indexba61.html]
[razominer.com/wp-json/oembed/1.0/embedb5c6]
[razominer.com/wp-content/cache/seraphinite-accelerator/s/m/d/css/42aee689ccaefff5e9ea90adb29da489.a4b.css]
[razominer.com/wp-content/cache/seraphinite-accelerator/s/m/d/css/0574f09d18b89a09d0a45d541d03bb9d.19d01.css]
[razominer.com/wp-content/cache/seraphinite-accelerator/s/m/d/css/8ac2fbdcd5fcd4ad1d8da15b3ced9b3d.c93.css]
[razominer.com/wp-content/cache/seraphinite-accelerator/s/m/d/css/99e43a6e4ab8c06266a388fc3745066a.1da43.css]
[razominer.com/wp-content/cache/seraphinite-accelerator/s/m/d/css/892ba79a8856c9a6e8906089417a815b.3a49.css]
[razominer.com/wp-content/cache/seraphinite-accelerator/s/m/d/css/df5cf05a5f608ab06143f367f7be4ab6.1e7.css]
[razominer.com/wp-content/cache/seraphinite-accelerator/s/m/d/css/358423a2d0dab7f8216cc54519de624e.34a.css]
[razominer.com/wp-content/cache/seraphinite-accelerator/s/m/d/css/aa4fd971eab55c080a6db83fe1cfa75e.1ee5.css]
[razominer.com/wp-includes/js/mediaelement/mejs-controls.svg]
[razominer.com/wp-content/uploads/2024/04/inmotion-graphics.mp4]
